// Jest Snapshot v1, https://goo.gl/fbAQLP

exports[`renders image accordion section correctly 1`] = `
<section
  class="section-padding-primary bg-gray"
  data-testid="image-accordion-section"
>
  <div
    class="container"
  >
    <div
      class="max-w-[986px]"
    >
      <div
        class="section-heading blue  mb-[1.875rem] md:mb-[3.25rem]"
        data-testid="section-heading"
      >
        <span
          class="sub-title block text-[1.125rem] font-medium leading-[1.5] md:text-[1.5rem]  md:leading-[1.2] capitalize"
        >
          About the events
        </span>
        <h2
          class="section-title text-[1.75rem] font-medium leading-[1.3] md:text-[3rem] md:font-bold md:leading-[1.1] capitalize"
        >
          Welcome to the Greatest SEO Conference 2022
        </h2>
      </div>
    </div>
  </div>
  <div
    class="custom-container container"
  >
    <div
      class="rounded-[.625rem] overflow-hidden image-accordion-grid image-accordion-grid"
    >
      <div
        class=" active large  card  relative overflow-hidden"
      >
        <span
          class="card-overlay absolute inset-0 z-[1]"
        />
        <div
          class="inline-flex absolute w-full h-full"
        >
          <span
            style="box-sizing: border-box; display: block; overflow: hidden; background: none; opacity: 1; border: 0px; margin: 0px; padding: 0px; position: absolute; top: 0px; left: 0px; bottom: 0px; right: 0px;"
          >
            <img
              alt="BrightonSEO"
              data-nimg="fill"
              decoding="async"
              src="data:image/gif;base64,R0lGODlhAQABAIAAAAAAAP///yH5BAEAAAAALAAAAAABAAEAAAIBRAA7"
              style="position: absolute; top: 0px; left: 0px; bottom: 0px; right: 0px; box-sizing: border-box; padding: 0px; margin: auto; display: block; width: 0px; height: 0px; min-width: 100%; max-width: 100%; min-height: 100%; max-height: 100%; object-fit: cover;"
            />
            <noscript />
          </span>
        </div>
        <h3
          class="title-inactive  text-[1.5rem] font-semibold leading-[1.4] md:text-[1.75rem] text-white lg:text-[3rem] lg:font-bold lg:leading-[1.1]"
        >
          <span>
            BrightonSEO
          </span>
        </h3>
        <div
          class="content absolute left-0 bottom-0 p-4 lg:p-[3.75rem] z-10"
        >
          <div
            class="content-inner"
          >
            <div
              class="content-inner-inner"
            >
              <h3
                class=" title text-[1.5rem] font-semibold leading-[1.4] md:text-[1.75rem] text-white lg:text-[3rem] lg:font-bold lg:leading-[1.1]"
              >
                <a
                  href="https://www.google.com/"
                >
                  BrightonSEO
                </a>
              </h3>
              <p
                class="description text-sm lg:text-[1.125rem] lg:leading-[1.6] mt-4 text-white"
              >
                Amet minim mollit non deserunt ullamco est sit aliqua dolor do amet sint. Velit officia consequat duis.
              </p>
            </div>
          </div>
        </div>
      </div>
      <div
        class="  large  card  relative overflow-hidden"
      >
        <span
          class="card-overlay absolute inset-0 z-[1]"
        />
        <div
          class="inline-flex absolute w-full h-full"
        >
          <span
            style="box-sizing: border-box; display: block; overflow: hidden; background: none; opacity: 1; border: 0px; margin: 0px; padding: 0px; position: absolute; top: 0px; left: 0px; bottom: 0px; right: 0px;"
          >
            <img
              alt="Trainers"
              data-nimg="fill"
              decoding="async"
              src="data:image/gif;base64,R0lGODlhAQABAIAAAAAAAP///yH5BAEAAAAALAAAAAABAAEAAAIBRAA7"
              style="position: absolute; top: 0px; left: 0px; bottom: 0px; right: 0px; box-sizing: border-box; padding: 0px; margin: auto; display: block; width: 0px; height: 0px; min-width: 100%; max-width: 100%; min-height: 100%; max-height: 100%; object-fit: cover;"
            />
            <noscript />
          </span>
        </div>
        <h3
          class="title-inactive  text-[1.5rem] font-semibold leading-[1.4] md:text-[1.75rem] text-white lg:text-[3rem] lg:font-bold lg:leading-[1.1]"
        >
          <span>
            Trainers
          </span>
        </h3>
        <div
          class="content absolute left-0 bottom-0 p-4 lg:p-[3.75rem] z-10"
        >
          <div
            class="content-inner"
          >
            <div
              class="content-inner-inner"
            >
              <h3
                class=" title text-[1.5rem] font-semibold leading-[1.4] md:text-[1.75rem] text-white lg:text-[3rem] lg:font-bold lg:leading-[1.1]"
              >
                <a
                  href="https://www.google.com/"
                >
                  Trainers
                </a>
              </h3>
              <p
                class="description text-sm lg:text-[1.125rem] lg:leading-[1.6] mt-4 text-white"
              >
                Amet minim mollit non deserunt ullamco est sit aliqua dolor do amet sint. Velit officia consequat duis.
              </p>
            </div>
          </div>
        </div>
      </div>
      <div
        class="  large  card  relative overflow-hidden"
      >
        <span
          class="card-overlay absolute inset-0 z-[1]"
        />
        <div
          class="inline-flex absolute w-full h-full"
        >
          <span
            style="box-sizing: border-box; display: block; overflow: hidden; background: none; opacity: 1; border: 0px; margin: 0px; padding: 0px; position: absolute; top: 0px; left: 0px; bottom: 0px; right: 0px;"
          >
            <img
              alt="Training Sessions"
              data-nimg="fill"
              decoding="async"
              src="data:image/gif;base64,R0lGODlhAQABAIAAAAAAAP///yH5BAEAAAAALAAAAAABAAEAAAIBRAA7"
              style="position: absolute; top: 0px; left: 0px; bottom: 0px; right: 0px; box-sizing: border-box; padding: 0px; margin: auto; display: block; width: 0px; height: 0px; min-width: 100%; max-width: 100%; min-height: 100%; max-height: 100%; object-fit: cover;"
            />
            <noscript />
          </span>
        </div>
        <h3
          class="title-inactive  text-[1.5rem] font-semibold leading-[1.4] md:text-[1.75rem] text-white lg:text-[3rem] lg:font-bold lg:leading-[1.1]"
        >
          <span>
            Training Sessions
          </span>
        </h3>
        <div
          class="content absolute left-0 bottom-0 p-4 lg:p-[3.75rem] z-10"
        >
          <div
            class="content-inner"
          >
            <div
              class="content-inner-inner"
            >
              <h3
                class=" title text-[1.5rem] font-semibold leading-[1.4] md:text-[1.75rem] text-white lg:text-[3rem] lg:font-bold lg:leading-[1.1]"
              >
                <a
                  href="https://www.google.com/"
                >
                  Training Sessions
                </a>
              </h3>
              <p
                class="description text-sm lg:text-[1.125rem] lg:leading-[1.6] mt-4 text-white"
              >
                Amet minim mollit non deserunt ullamco est sit aliqua dolor do amet sint. Velit officia consequat duis.
              </p>
            </div>
          </div>
        </div>
      </div>
      <div
        class="  large  card  relative overflow-hidden"
      >
        <span
          class="card-overlay absolute inset-0 z-[1]"
        />
        <div
          class="inline-flex absolute w-full h-full"
        >
          <span
            style="box-sizing: border-box; display: block; overflow: hidden; background: none; opacity: 1; border: 0px; margin: 0px; padding: 0px; position: absolute; top: 0px; left: 0px; bottom: 0px; right: 0px;"
          >
            <img
              alt="London Training"
              data-nimg="fill"
              decoding="async"
              src="data:image/gif;base64,R0lGODlhAQABAIAAAAAAAP///yH5BAEAAAAALAAAAAABAAEAAAIBRAA7"
              style="position: absolute; top: 0px; left: 0px; bottom: 0px; right: 0px; box-sizing: border-box; padding: 0px; margin: auto; display: block; width: 0px; height: 0px; min-width: 100%; max-width: 100%; min-height: 100%; max-height: 100%; object-fit: cover;"
            />
            <noscript />
          </span>
        </div>
        <h3
          class="title-inactive  text-[1.5rem] font-semibold leading-[1.4] md:text-[1.75rem] text-white lg:text-[3rem] lg:font-bold lg:leading-[1.1]"
        >
          <span>
            London Training
          </span>
        </h3>
        <div
          class="content absolute left-0 bottom-0 p-4 lg:p-[3.75rem] z-10"
        >
          <div
            class="content-inner"
          >
            <div
              class="content-inner-inner"
            >
              <h3
                class=" title text-[1.5rem] font-semibold leading-[1.4] md:text-[1.75rem] text-white lg:text-[3rem] lg:font-bold lg:leading-[1.1]"
              >
                <a
                  href="https://www.google.com/"
                >
                  London Training
                </a>
              </h3>
              <p
                class="description text-sm lg:text-[1.125rem] lg:leading-[1.6] mt-4 text-white"
              >
                Amet minim mollit non deserunt ullamco est sit aliqua dolor do amet sint. Velit officia consequat duis.
              </p>
            </div>
          </div>
        </div>
      </div>
      <div
        class="  large  card  relative overflow-hidden"
      >
        <span
          class="card-overlay absolute inset-0 z-[1]"
        />
        <div
          class="inline-flex absolute w-full h-full"
        >
          <span
            style="box-sizing: border-box; display: block; overflow: hidden; background: none; opacity: 1; border: 0px; margin: 0px; padding: 0px; position: absolute; top: 0px; left: 0px; bottom: 0px; right: 0px;"
          >
            <img
              alt="In-Company Training"
              data-nimg="fill"
              decoding="async"
              src="data:image/gif;base64,R0lGODlhAQABAIAAAAAAAP///yH5BAEAAAAALAAAAAABAAEAAAIBRAA7"
              style="position: absolute; top: 0px; left: 0px; bottom: 0px; right: 0px; box-sizing: border-box; padding: 0px; margin: auto; display: block; width: 0px; height: 0px; min-width: 100%; max-width: 100%; min-height: 100%; max-height: 100%; object-fit: cover;"
            />
            <noscript />
          </span>
        </div>
        <h3
          class="title-inactive  text-[1.5rem] font-semibold leading-[1.4] md:text-[1.75rem] text-white lg:text-[3rem] lg:font-bold lg:leading-[1.1]"
        >
          <span>
            In-Company Training
          </span>
        </h3>
        <div
          class="content absolute left-0 bottom-0 p-4 lg:p-[3.75rem] z-10"
        >
          <div
            class="content-inner"
          >
            <div
              class="content-inner-inner"
            >
              <h3
                class=" title text-[1.5rem] font-semibold leading-[1.4] md:text-[1.75rem] text-white lg:text-[3rem] lg:font-bold lg:leading-[1.1]"
              >
                <a
                  href="https://www.google.com/"
                >
                  In-Company Training
                </a>
              </h3>
              <p
                class="description text-sm lg:text-[1.125rem] lg:leading-[1.6] mt-4 text-white"
              >
                Amet minim mollit non deserunt ullamco est sit aliqua dolor do amet sint. Velit officia consequat duis.
              </p>
            </div>
          </div>
        </div>
      </div>
    </div>
  </div>
</section>
`;
